1405-05-05 11:32:21.328 Log saving enabled by user.
1405-05-05 11:32:29.627 Delimiter vk=13 layout=en word='ide' -> 'هیث'
1405-05-05 11:32:29.655 Apply delete=3 'ide' -> 'هیث' (consumed: True)
1405-05-05 11:32:29.717 Layout switch OK -> Persian
1405-05-05 11:32:39.588 Delimiter vk=13 layout=fa word='' -> ''
1405-05-05 11:33:08.396 Delimiter vk=32 layout=fa word='انتقال' -> 'انتقال'
1405-05-05 11:33:11.435 Delimiter vk=32 layout=fa word='مشتریان' -> 'مشتریان'
1405-05-05 11:33:13.867 Delimiter vk=32 layout=fa word='' -> ''
1405-05-05 11:33:14.460 Delimiter vk=32 layout=fa word='به' -> 'به'
1405-05-05 11:33:18.388 Delimiter vk=32 layout=fa word='کاربربا' -> 'کاربربا'
1405-05-05 11:33:19.699 Delimiter vk=32 layout=fa word='سلام' -> 'سلام'
1405-05-05 11:33:20.163 Delimiter vk=32 layout=fa word='در' -> 'در'
1405-05-05 11:33:21.060 Delimiter vk=32 layout=fa word='نظر' -> 'نظر'
1405-05-05 11:33:22.036 Delimiter vk=32 layout=fa word='داریم' -> 'داریم'
1405-05-05 11:33:27.603 Delimiter vk=32 layout=fa word='مشتریان' -> 'مشتریان'
1405-05-05 11:33:28.708 Delimiter vk=32 layout=fa word='دو' -> 'دو'
1405-05-05 11:33:30.220 Delimiter vk=32 layout=fa word='کاربر' -> 'کاربر'
1405-05-05 11:33:31.508 Delimiter vk=32 layout=fa word='قدیمی' -> 'قدیمی'
1405-05-05 11:33:32.908 Delimiter vk=32 layout=fa word='خود' -> 'خود'
1405-05-05 11:33:33.396 Delimiter vk=32 layout=fa word='را' -> 'را'
1405-05-05 11:33:33.795 Delimiter vk=32 layout=fa word='به' -> 'به'
1405-05-05 11:33:36.204 Delimiter vk=32 layout=fa word='کاربران' -> 'کاربران'
1405-05-05 11:33:37.812 Delimiter vk=32 layout=fa word='دیگر' -> 'دیگر'
1405-05-05 11:33:39.540 Delimiter vk=32 layout=fa word='انتقال' -> 'انتقال'
1405-05-05 11:33:40.452 Delimiter vk=32 layout=fa word='دهیم' -> 'دهیم'
1405-05-05 11:33:40.996 Delimiter vk=32 layout=fa word='تا' -> 'تا'
1405-05-05 11:33:42.164 Delimiter vk=32 layout=fa word='انها' -> 'انها'
1405-05-05 11:33:44.571 Delimiter vk=32 layout=fa word='کارهایشان' -> 'کارهایشان'
1405-05-05 11:33:44.988 Delimiter vk=32 layout=fa word='را' -> 'را'
1405-05-05 11:33:46.603 Delimiter vk=32 layout=fa word='پیگیری' -> 'پیگیری'
1405-05-05 11:33:54.878 Delimiter vk=32 layout=fa word='نمایند' -> 'نمایند'
1405-05-05 11:33:57.260 Delimiter vk=32 layout=fa word='مشتری' -> 'مشتری'
1405-05-05 11:33:59.276 Delimiter vk=32 layout=fa word='تسمه' -> 'تسمه'
1405-05-05 11:33:59.684 Delimiter vk=32 layout=fa word='و' -> 'و'
1405-05-05 11:34:01.028 Delimiter vk=32 layout=fa word='تسمه' -> 'تسمه'
1405-05-05 11:34:02.172 Delimiter vk=32 layout=fa word='کش' -> 'کش'
1405-05-05 11:34:05.276 Delimiter vk=32 layout=fa word='کاربر' -> 'کاربر'
1405-05-05 11:34:10.215 Delimiter vk=32 layout=en word='novin' -> 'novin'
1405-05-05 11:34:15.141 Delimiter vk=32 layout=en word='talk' -> 'talk'
1405-05-05 11:34:15.660 Delimiter vk=32 layout=fa word='به' -> 'به'
1405-05-05 11:34:17.092 Delimiter vk=32 layout=fa word='اشکان' -> 'اشکان'
1405-05-05 11:34:21.044 Delimiter vk=32 layout=fa word='ایرانی' -> 'ایرانی'
1405-05-05 11:34:23.188 Delimiter vk=32 layout=fa word='منتقل' -> 'منتقل'
1405-05-05 11:34:24.308 Delimiter vk=32 layout=fa word='شود' -> 'شود'
1405-05-05 11:34:29.252 Delimiter vk=32 layout=fa word='' -> ''
1405-05-05 11:34:33.797 Delimiter vk=32 layout=fa word='محصولاتو' -> 'محصولاتو'
1405-05-05 11:34:37.339 Delimiter vk=32 layout=fa word='باقی' -> 'باقی'
1405-05-05 11:34:37.812 Delimiter vk=32 layout=fa word='به' -> 'به'
1405-05-05 11:34:40.900 Delimiter vk=32 layout=fa word='مینا' -> 'مینا'
1405-05-05 11:34:42.836 Delimiter vk=32 layout=fa word='عسگری' -> 'عسگری'
1405-05-05 11:34:44.948 Delimiter vk=32 layout=fa word='همچنین' -> 'همچنین'
1405-05-05 11:34:46.308 Delimiter vk=32 layout=fa word='مشتری' -> 'مشتری'
1405-05-05 11:34:47.107 Delimiter vk=32 layout=fa word='های' -> 'های'
1405-05-05 11:34:48.748 Delimiter vk=32 layout=fa word='غیر' -> 'غیر'
1405-05-05 11:34:49.228 Delimiter vk=32 layout=fa word='از' -> 'از'
1405-05-05 11:34:50.388 Delimiter vk=32 layout=fa word='تسمه' -> 'تسمه'
1405-05-05 11:34:50.787 Delimiter vk=32 layout=fa word='و' -> 'و'
1405-05-05 11:34:51.820 Delimiter vk=32 layout=fa word='تسمه' -> 'تسمه'
1405-05-05 11:34:52.483 Delimiter vk=32 layout=fa word='کش' -> 'کش'
1405-05-05 11:34:52.940 Delimiter vk=32 layout=fa word='از' -> 'از'
1405-05-05 11:34:54.604 Delimiter vk=32 layout=fa word='اشکان' -> 'اشکان'
1405-05-05 11:34:55.827 Delimiter vk=32 layout=fa word='ایرانی' -> 'ایرانی'
1405-05-05 11:34:56.588 Delimiter vk=32 layout=fa word='به' -> 'به'
1405-05-05 11:34:57.740 Delimiter vk=32 layout=fa word='مینا' -> 'مینا'
1405-05-05 11:34:59.316 Delimiter vk=32 layout=fa word='عسگری' -> 'عسگری'
1405-05-05 11:35:00.924 Delimiter vk=32 layout=fa word='منتقل' -> 'منتقل'
1405-05-05 11:35:05.500 Delimiter vk=32 layout=fa word='شوند' -> 'شوند'
1405-05-05 11:35:06.172 Delimiter vk=32 layout=fa word='این' -> 'این'
1405-05-05 11:35:07.651 Delimiter vk=32 layout=fa word='انتقال' -> 'انتقال'
1405-05-05 11:35:08.124 Delimiter vk=32 layout=fa word='با' -> 'با'
1405-05-05 11:35:10.572 Delimiter vk=32 layout=fa word='یاداوری' -> 'یاداوری'
1405-05-05 11:35:11.188 Delimiter vk=32 layout=fa word='های' -> 'های'
1405-05-05 11:35:12.276 Delimiter vk=32 layout=fa word='داخل' -> 'داخل'
1405-05-05 11:35:16.372 Delimiter vk=32 layout=fa word='کارتابل' -> 'کارتابل'
1405-05-05 11:35:17.372 Delimiter vk=32 layout=fa word='باید' -> 'باید'
1405-05-05 11:35:18.252 Delimiter vk=32 layout=fa word='باشد' -> 'باشد'
1405-05-05 11:35:18.756 Delimiter vk=32 layout=fa word='تا' -> 'تا'
1405-05-05 11:35:20.404 Delimiter vk=32 layout=fa word='بتوانند' -> 'بتوانند'
1405-05-05 11:35:21.116 Delimiter vk=32 layout=fa word='این' -> 'این'
1405-05-05 11:35:21.716 Delimiter vk=32 layout=fa word='دو' -> 'دو'
1405-05-05 11:35:23.612 Delimiter vk=32 layout=fa word='نفر' -> 'نفر'
1405-05-05 11:35:24.628 Delimiter vk=32 layout=fa word='این' -> 'این'
1405-05-05 11:35:25.988 Delimiter vk=32 layout=fa word='مشتریان' -> 'مشتریان'
1405-05-05 11:35:26.379 Delimiter vk=32 layout=fa word='را' -> 'را'
1405-05-05 11:35:28.028 Delimiter vk=32 layout=fa word='پیگیری' -> 'پیگیری'
1405-05-05 11:50:06.413 Delimiter vk=13 layout=fa word='نمایندc' -> 'نمایندc'
1405-05-05 11:50:18.340 Delimiter vk=13 layout=fa word='معیری' -> 'معیری'
1405-05-05 11:50:36.140 Delimiter vk=13 layout=fa word='' -> ''
1405-05-05 12:19:16.925 Delimiter vk=13 layout=fa word='' -> ''
1405-05-05 12:19:17.861 Delimiter vk=13 layout=fa word='' -> ''
1405-05-05 12:19:18.589 Delimiter vk=13 layout=fa word='' -> ''
1405-05-05 12:19:19.829 Delimiter vk=13 layout=fa word='' -> ''
1405-05-05 12:19:57.669 Delimiter vk=13 layout=fa word='زش' -> 'زش'
1405-05-05 12:20:00.741 Delimiter vk=13 layout=fa word='' -> ''
1405-05-05 12:20:05.398 Delimiter vk=13 layout=fa word='' -> ''
1405-05-05 12:20:22.358 Delimiter vk=13 layout=fa word='' -> ''
1405-05-05 12:21:12.741 Delimiter vk=13 layout=fa word='' -> ''
1405-05-05 12:21:15.173 Delimiter vk=13 layout=fa word='' -> ''
1405-05-05 12:21:16.301 Delimiter vk=13 layout=fa word='' -> ''
1405-05-05 12:21:32.237 Delimiter vk=13 layout=fa word='' -> ''
1405-05-05 12:21:53.461 Delimiter vk=13 layout=fa word='' -> ''
1405-05-05 12:21:57.061 Delimiter vk=13 layout=fa word='' -> ''
1405-05-05 12:38:40.206 Delimiter vk=13 layout=fa word='زش' -> 'زش'
1405-05-05 12:38:42.590 Delimiter vk=13 layout=fa word='' -> ''
1405-05-05 12:38:54.038 Delimiter vk=13 layout=fa word='' -> ''
1405-05-05 13:51:21.218 Delimiter vk=32 layout=fa word='سئوی' -> 'سئوی'
1405-05-05 13:51:22.777 Delimiter vk=32 layout=fa word='اون' -> 'اون'
1405-05-05 13:51:24.217 Delimiter vk=32 layout=fa word='لینک' -> 'لینک'
1405-05-05 13:51:25.121 Delimiter vk=32 layout=fa word='هایی' -> 'هایی'
1405-05-05 13:51:25.513 Delimiter vk=32 layout=fa word='را' -> 'را'
1405-05-05 13:51:26.305 Delimiter vk=32 layout=fa word='که' -> 'که'
1405-05-05 13:51:28.065 Delimiter vk=32 layout=fa word='فرستادم' -> 'فرستادم'
1405-05-05 13:51:29.185 Delimiter vk=32 layout=fa word='بررسی' -> 'بررسی'
1405-05-05 13:51:29.785 Delimiter vk=32 layout=fa word='کن' -> 'کن'
1405-05-05 13:51:30.161 Delimiter vk=32 layout=fa word='و' -> 'و'
1405-05-05 13:51:31.097 Delimiter vk=32 layout=fa word='بگو' -> 'بگو'
1405-05-05 13:51:31.873 Delimiter vk=32 layout=fa word='برای' -> 'برای'
1405-05-05 13:51:32.417 Delimiter vk=32 layout=fa word='هر' -> 'هر'
1405-05-05 13:51:33.929 Delimiter vk=32 layout=fa word='کدام' -> 'کدام'
1405-05-05 13:51:34.801 Delimiter vk=32 layout=fa word='چه' -> 'چه'
1405-05-05 13:51:35.809 Delimiter vk=32 layout=fa word='موارد' -> 'موارد'
1405-05-05 13:51:37.169 Delimiter vk=32 layout=fa word='ی' -> 'ی'
1405-05-05 13:51:41.585 Delimiter vk=32 layout=fa word='اصلاح' -> 'اصلاح'
1405-05-05 13:51:43.057 Delimiter vk=13 layout=fa word='شوند' -> 'شوند'
1405-05-05 13:52:04.987 Delimiter vk=13 layout=en word='re' -> 're'
1405-05-05 13:52:06.617 Delimiter vk=13 layout=en word='' -> ''
1405-05-05 14:20:09.835 Delimiter vk=13 layout=en word='re' -> 're'
1405-05-05 14:20:10.730 Delimiter vk=13 layout=en word='' -> ''
1405-05-05 14:29:34.827 Delimiter vk=32 layout=fa word='ایزابل' -> 'ایزابل'
1405-05-05 14:29:37.539 Delimiter vk=32 layout=fa word='یوزر' -> 'یوزر'
1405-05-05 14:29:38.539 Delimiter vk=32 layout=fa word='پس' -> 'پس'
1405-05-05 14:29:43.378 Delimiter vk=32 layout=fa word='پیشفرضش' -> 'پیشفرضش'
1405-05-05 14:29:45.203 Delimiter vk=32 layout=fa word='برای' -> 'برای'
1405-05-05 14:29:46.819 Delimiter vk=32 layout=fa word='ورود' -> 'ورود'
1405-05-05 14:29:47.331 Delimiter vk=32 layout=fa word='به' -> 'به'
1405-05-05 14:29:48.475 Delimiter vk=32 layout=fa word='بخش' -> 'بخش'
1405-05-05 14:29:50.643 Delimiter vk=32 layout=fa word='کنسول' -> 'کنسول'
1405-05-05 14:29:51.890 Delimiter vk=13 layout=fa word='چیه' -> 'چیه'
1405-05-05 14:34:51.579 Delimiter vk=32 layout=fa word='با' -> 'با'
1405-05-05 14:34:53.100 Delimiter vk=32 layout=fa word='کدوم' -> 'کدوم'
1405-05-05 14:34:57.219 Delimiter vk=32 layout=fa word='دستور' -> 'دستور'
1405-05-05 14:35:00.651 Delimiter vk=32 layout=fa word='میتونم' -> 'میتونم'
1405-05-05 14:35:01.443 Delimiter vk=32 layout=fa word='برم' -> 'برم'
1405-05-05 14:35:04.116 Delimiter vk=32 layout=fa word='تنظیمات' -> 'تنظیمات'
1405-05-05 14:35:05.027 Delimiter vk=32 layout=fa word='ای' -> 'ای'
1405-05-05 14:35:05.531 Delimiter vk=32 layout=fa word='پی' -> 'پی'
1405-05-05 14:35:06.163 Delimiter vk=32 layout=fa word='را' -> 'را'
1405-05-05 14:35:07.683 Delimiter vk=13 layout=fa word='ببینم' -> 'ببینم'
1405-05-05 14:40:54.699 Delimiter vk=13 layout=en word='' -> ''
1405-05-05 14:41:26.939 Delimiter vk=13 layout=en word='' -> ''
1405-05-05 14:41:40.251 Delimiter vk=13 layout=en word='' -> ''
1405-05-05 14:48:35.557 Delimiter vk=13 layout=en word='ir' -> 'ir'
1405-05-05 15:01:51.085 Delimiter vk=32 layout=fa word='مازول' -> 'مازول'
1405-05-05 15:01:54.268 Delimiter vk=13 layout=fa word='پیامک' -> 'پیامک'
1405-05-05 15:04:20.164 Delimiter vk=13 layout=en word='tg' -> 'فل'
1405-05-05 15:04:20.188 Apply delete=2 'tg' -> 'فل' (consumed: True)
1405-05-05 15:04:20.252 Layout switch OK -> Persian
1405-05-05 15:04:28.716 Delimiter vk=13 layout=en word='' -> ''
1405-05-05 15:19:28.998 Delimiter vk=13 layout=en word='crm' -> 'crm'
1405-05-05 15:20:11.765 Delimiter vk=13 layout=en word='' -> ''
1405-05-05 15:20:19.509 Delimiter vk=13 layout=en word='' -> ''
1405-05-05 15:20:26.076 Delimiter vk=9 layout=fa word='هادی' -> 'هادی'
1405-05-05 15:20:28.045 Delimiter vk=13 layout=fa word='' -> ''
1405-05-05 15:26:13.981 Delimiter vk=13 layout=fa word='' -> ''
1405-05-05 15:28:05.414 Delimiter vk=13 layout=en word='ira' -> 'ira'
1405-05-05 15:31:04.989 Delimiter vk=13 layout=en word='we' -> 'we'
1405-05-05 15:31:26.261 Delimiter vk=32 layout=fa word='خانم' -> 'خانم'
1405-05-05 15:31:27.981 Delimiter vk=32 layout=fa word='عسگری' -> 'عسگری'
1405-05-05 15:31:29.406 Delimiter vk=32 layout=fa word='پارسا' -> 'پارسا'
1405-05-05 15:31:30.702 Delimiter vk=32 layout=fa word='گفت' -> 'گفت'
1405-05-05 15:31:32.581 Delimiter vk=32 layout=fa word='فاکتور' -> 'فاکتور'
1405-05-05 15:31:33.598 Delimiter vk=32 layout=fa word='فروش' -> 'فروش'
1405-05-05 15:31:34.109 Delimiter vk=32 layout=fa word='ها' -> 'ها'
1405-05-05 15:31:34.541 Delimiter vk=32 layout=fa word='رو' -> 'رو'
1405-05-05 15:31:37.070 Delimiter vk=32 layout=fa word='بفرستیم' -> 'بفرستیم'
1405-05-05 15:31:37.662 Delimiter vk=32 layout=fa word='تو' -> 'تو'
1405-05-05 15:31:38.757 Delimiter vk=32 layout=fa word='گروه' -> 'گروه'
1405-05-05 15:31:39.509 Delimiter vk=32 layout=fa word='اما' -> 'اما'
1405-05-05 15:31:42.301 Delimiter vk=32 layout=fa word='بنظر' -> 'بنظر'
1405-05-05 15:31:44.334 Delimiter vk=32 layout=fa word='اقای' -> 'اقای'
1405-05-05 15:31:45.486 Delimiter vk=32 layout=fa word='رستمی' -> 'رستمی'
1405-05-05 15:31:46.934 Delimiter vk=32 layout=fa word='میگه' -> 'میگه'
1405-05-05 15:31:47.725 Delimiter vk=32 layout=fa word='برای' -> 'برای'
1405-05-05 15:31:48.886 Delimiter vk=32 layout=fa word='شخص' -> 'شخص'
1405-05-05 15:31:49.870 Delimiter vk=32 layout=fa word='خودش' -> 'خودش'
1405-05-05 15:31:51.805 Delimiter vk=32 layout=fa word='بفرستیم' -> 'بفرستیم'
1405-05-05 15:31:52.749 Delimiter vk=32 layout=fa word='بهتره' -> 'بهتره'
1405-05-05 15:31:54.918 Delimiter vk=32 layout=fa word='دیگه' -> 'دیگه'
1405-05-05 15:31:55.877 Delimiter vk=32 layout=fa word='خانم' -> 'خانم'
1405-05-05 15:31:57.110 Delimiter vk=32 layout=fa word='دهقان' -> 'دهقان'
1405-05-05 15:32:02.382 Delimiter vk=32 layout=fa word='نتونه' -> 'نتونه'
1405-05-05 15:32:06.253 Delimiter vk=13 layout=fa word='ببینه' -> 'ببینه'
1405-05-05 15:32:07.357 Delimiter vk=32 layout=fa word='برای' -> 'برای'
1405-05-05 15:32:09.117 Delimiter vk=32 layout=fa word='پیج' -> 'پیج'
1405-05-05 15:32:11.110 Delimiter vk=32 layout=fa word='ملزومات' -> 'ملزومات'
1405-05-05 15:32:11.581 Delimiter vk=32 layout=fa word='هم' -> 'هم'
1405-05-05 15:32:14.165 Delimiter vk=32 layout=fa word='پارسا' -> 'پارسا'
1405-05-05 15:32:15.421 Delimiter vk=32 layout=fa word='گفت' -> 'گفت'
1405-05-05 15:32:16.614 Delimiter vk=32 layout=fa word='از' -> 'از'
1405-05-05 15:32:17.285 Delimiter vk=32 layout=fa word='شما' -> 'شما'
1405-05-05 15:32:18.733 Delimiter vk=32 layout=fa word='پیگیری' -> 'پیگیری'
1405-05-05 15:32:19.917 Delimiter vk=13 layout=fa word='کنم' -> 'کنم'
1405-05-05 15:33:20.853 Delimiter vk=32 layout=fa word='سلام' -> 'سلام'
1405-05-05 15:33:21.749 Delimiter vk=32 layout=fa word='وقت' -> 'وقت'
1405-05-05 15:33:22.677 Delimiter vk=32 layout=fa word='بخیر' -> 'بخیر'
1405-05-05 15:33:24.342 Delimiter vk=32 layout=fa word='میخواستم' -> 'میخواستم'
1405-05-05 15:33:27.990 Delimiter vk=32 layout=fa word='اسم' -> 'اسم'
1405-05-05 15:33:29.125 Delimiter vk=32 layout=fa word='شرکت' -> 'شرکت'
1405-05-05 15:33:29.653 Delimiter vk=32 layout=fa word='را' -> 'را'
1405-05-05 15:33:31.957 Delimiter vk=32 layout=fa word='تغییر' -> 'تغییر'
1405-05-05 15:33:32.733 Delimiter vk=32 layout=fa word='دهم' -> 'دهم'
1405-05-05 15:33:40.997 Delimiter vk=32 layout=fa word='' -> ''
1405-05-05 15:33:41.677 Delimiter vk=32 layout=fa word='ام' -> 'ام'
1405-05-05 15:33:43.829 Delimiter vk=32 layout=fa word='ا' -> 'ا'
1405-05-05 15:33:45.037 Delimiter vk=32 layout=fa word='تغییر' -> 'تغییر'
1405-05-05 15:34:15.309 Delimiter vk=13 layout=fa word='نمیکند' -> 'نمیکند'
1405-05-05 15:36:50.598 Delimiter vk=13 layout=en word='mi' -> 'mi'
1405-05-05 16:04:27.663 Delimiter vk=32 layout=fa word='بله' -> 'بله'
1405-05-05 16:04:29.160 Delimiter vk=32 layout=fa word='تایید' -> 'تایید'
1405-05-05 16:50:58.584 Delimiter vk=13 layout=en word='ev' -> 'ثر'
1405-05-05 16:50:58.615 Apply delete=2 'ev' -> 'ثر' (consumed: True)
1405-05-05 16:50:58.677 Layout switch OK -> Persian
1405-05-05 16:51:06.768 Delimiter vk=13 layout=en word='com' -> 'com'
1405-05-05 16:54:25.017 Delimiter vk=13 layout=en word='far' -> 'بشق'
1405-05-05 16:54:25.050 Apply delete=3 'far' -> 'بشق' (consumed: True)
1405-05-05 16:54:25.110 Layout switch OK -> Persian
1405-05-05 16:54:35.809 Delimiter vk=13 layout=en word='kala' -> 'نشمش'
1405-05-05 16:54:35.832 Apply delete=4 'kala' -> 'نشمش' (consumed: True)
1405-05-05 16:54:35.895 Layout switch OK -> Persian
1405-05-05 16:54:43.216 Delimiter vk=13 layout=en word='kala' -> 'نشمش'
1405-05-05 16:54:43.240 Apply delete=4 'kala' -> 'نشمش' (consumed: True)
1405-05-05 16:54:43.303 Layout switch OK -> Persian
